definitions:
- DocumentRoot: document1 @ document[1] [0..3]
- Directive: @lyma @ document[1].@lyma [0..10]
  detail: 1
- Directive: @import @ document[1].@import [11..40]
  detail: "./shared.lyma" as shared
- Import: ./shared.lyma @ document[1].@import(./shared.lyma) [11..40]
  detail: @import
- Alias: shared @ document[1].alias(shared) [11..40]
  detail: ./shared.lyma
- Directive: @include @ document[1].@include [41..70]
  detail: partials/base.lyma
- Import: partials/base.lyma @ document[1].@import(partials/base.lyma) [41..70]
  detail: @include
- Let: region @ document[1].$region [71..95]
  detail: 83..95
- Key: services @ document[1].services [96..104]
- Key: name @ document[1].services[0].name [110..114]
- Key: handler @ document[1].services[0].handler [129..136]
- Tag: lambda @ document[1].services[0].handler.!lambda [138..160]
- Key: name @ document[1].services[1].name [161..165]
- Key: config @ document[1].config [221..227]
- Key: retries @ document[1].config.retries [228..235]
symbols:
- Document: document1
- Directive: @lyma
- Directive: @import
- Directive: ./shared.lyma
- Variable: shared
- Directive: @include
- Directive: partials/base.lyma
- Variable: region
- MappingKey: services
- MappingKey: name
- MappingKey: handler
- Tag: lambda
- MappingKey: name
- MappingKey: config
- MappingKey: retries
